<html>
<body>
<pre>
<h1>µVision Build Log</h1>
<h2>Tool Versions:</h2>
IDE-Version: µVision V5.27.1.0
Copyright (C) 2019 ARM Ltd and ARM Germany GmbH. All rights reserved.
License Information: dayat saputra, elins, LIC=----
 
Tool Versions:
Toolchain:       MDK-Lite  Version: 5.27.1.0
Toolchain Path:  C:\Keil_v5\ARM\ARMCC\Bin
C Compiler:      Armcc.exe V5.06 update 6 (build 750)
Assembler:       Armasm.exe V5.06 update 6 (build 750)
Linker/Locator:  ArmLink.exe V5.06 update 6 (build 750)
Library Manager: ArmAr.exe V5.06 update 6 (build 750)
Hex Converter:   FromElf.exe V5.06 update 6 (build 750)
CPU DLL:         SARMCM3.DLL V5.27.1.0
Dialog DLL:      DARMCM1.DLL V1.19.2.0
Target DLL:      Nu_Link.dll V2.06
Dialog DLL:      TARMCM1.DLL V1.14.1.0
 
<h2>Project:</h2>
E:\Nuvoton\Nu-LB-NUC140_BSP3.00.004_v1.2\SampleCode\Nu-LB-NUC140\ALARM\KEIL\Nu-LB-NUC140_GPIO.uvproj
Project File Date:  05/02/2019

<h2>Output:</h2>
*** Using Compiler 'V5.06 update 6 (build 750)', folder: 'C:\Keil_v5\ARM\ARMCC\Bin'
Build target 'ALARM'
creating preprocessor file for retarget.c...
creating preprocessor file for system_NUC100Series.c...
creating preprocessor file for gpio.c...
creating preprocessor file for clk.c...
creating preprocessor file for sys.c...
creating preprocessor file for spi.c...
creating preprocessor file for uart.c...
creating preprocessor file for pwm.c...
creating preprocessor file for main.c...
creating preprocessor file for SYS_init.c...
creating preprocessor file for Scankey.c...
creating preprocessor file for LCD.c...
creating preprocessor file for Seven_Segment.c...
compiling main.c...
..\main.c(354): warning:  #111-D: statement is unreachable
  					break;
..\main.c: 1 warning, 0 errors
linking...
Program Size: Code=6364 RO-data=480 RW-data=2140 ZI-data=2092  
After Build - User command #1: fromelf --bin ".\obj\GPIO_Keypad.axf" --output ".\obj\GPIO_Keypad.bin"
After Build - User command #2: fromelf --text -c ".\obj\GPIO_Keypad.axf" --output ".\obj\GPIO_Keypad.txt"
".\obj\GPIO_Keypad.axf" - 0 Error(s), 1 Warning(s).
Build Time Elapsed:  00:00:03
</pre>
</body>
</html>
